// Jest Snapshot v1, https://goo.gl/fbAQLP

exports[`renders correctly 1`] = `
<DocumentFragment>
  <section
    class="section"
  >
    <div
      class="wrapper"
    >
      <article
        class="article"
      >
        <div
          class="imageContainer"
        >
          <figure
            class="figure"
          >
            <img
              class="image"
              src="https://s3.eu-central-1.amazonaws.com/napptilus/level-test/1.jpg"
            />
          </figure>
        </div>
        <div
          class="data"
        >
          <h2
            class="name"
          >
            Marcy Karadzas
          </h2>
          <span
            class="gender"
          >
            Woman
          </span>
          <h3
            class="profession"
          >
            Developer
          </h3>
          <div
            class="description"
          >
            Lorem ipsum dolor sit amet, consectetur adipiscing elit, sed do eiusmod tempor incididunt ut labore et dolore magna aliqua. Ut enim ad minim veniam, quis nostrud exercitation ullamco laboris nisi ut aliquip ex ea commodo consequat. Duis aute irure dolor in reprehenderit in voluptate velit esse cillum dolore eu fugiat nulla pariatur. Excepteur sint occaecat cupidatat non proident, sunt in culpa qui officia deserunt mollit anim id est laborum
          </div>
        </div>
      </article>
    </div>
  </section>
</DocumentFragment>
`;
